
> titan@0.1.0 build
> next build

   Γû▓ Next.js 15.4.4
   - Environments: .env

   Creating an optimized production build ...
 Γ£ô Compiled successfully in 11.0s
   Linting and checking validity of types ...
node.exe : Next.js build worker exited with code: 3221225786 and signal: 
null
At C:\Program Files\nodejs\npm.ps1:29 char:3
+   & $NODE_EXE $NPM_CLI_JS $args
+   ~~~~~~~~~~~~~~~~~~~~~~~~~~~~~
    + CategoryInfo          : NotSpecified: (Next.js build w...nd signal: 
    null:String) [], RemoteException
    + FullyQualifiedErrorId : NativeCommandError
 
^C
Terminate batch job (Y/N)? 
